// Jest Snapshot v1, https://goo.gl/fbAQLP

exports[`Test in GifGridItem should show the component correctly 1`] = `
Object {
  "asFragment": [Function],
  "baseElement": <body>
    <div>
      <div
        class="card animate__animated animate__fadeIn"
      >
        <img
          alt="guitar shredding GIF"
          src="https://media0.giphy.com/media/sBikoeGRyOrK0/giphy.gif?cid=6c30809bl2bahk3vu4bhua3ulsjhiov792cbfylsl6eaukrx&rid=giphy.gif&ct=g"
        />
        <p
          data-testid="p1"
        >
          guitar shredding GIF
        </p>
      </div>
    </div>
  </body>,
  "container": <div>
    <div
      class="card animate__animated animate__fadeIn"
    >
      <img
        alt="guitar shredding GIF"
        src="https://media0.giphy.com/media/sBikoeGRyOrK0/giphy.gif?cid=6c30809bl2bahk3vu4bhua3ulsjhiov792cbfylsl6eaukrx&rid=giphy.gif&ct=g"
      />
      <p
        data-testid="p1"
      >
        guitar shredding GIF
      </p>
    </div>
  </div>,
  "debug": [Function],
  "findAllByAltText": [Function],
  "findAllByDisplayValue": [Function],
  "findAllByLabelText": [Function],
  "findAllByPlaceholderText": [Function],
  "findAllByRole": [Function],
  "findAllByTestId": [Function],
  "findAllByText": [Function],
  "findAllByTitle": [Function],
  "findByAltText": [Function],
  "findByDisplayValue": [Function],
  "findByLabelText": [Function],
  "findByPlaceholderText": [Function],
  "findByRole": [Function],
  "findByTestId": [Function],
  "findByText": [Function],
  "findByTitle": [Function],
  "getAllByAltText": [Function],
  "getAllByDisplayValue": [Function],
  "getAllByLabelText": [Function],
  "getAllByPlaceholderText": [Function],
  "getAllByRole": [Function],
  "getAllByTestId": [Function],
  "getAllByText": [Function],
  "getAllByTitle": [Function],
  "getByAltText": [Function],
  "getByDisplayValue": [Function],
  "getByLabelText": [Function],
  "getByPlaceholderText": [Function],
  "getByRole": [Function],
  "getByTestId": [Function],
  "getByText": [Function],
  "getByTitle": [Function],
  "queryAllByAltText": [Function],
  "queryAllByDisplayValue": [Function],
  "queryAllByLabelText": [Function],
  "queryAllByPlaceholderText": [Function],
  "queryAllByRole": [Function],
  "queryAllByTestId": [Function],
  "queryAllByText": [Function],
  "queryAllByTitle": [Function],
  "queryByAltText": [Function],
  "queryByDisplayValue": [Function],
  "queryByLabelText": [Function],
  "queryByPlaceholderText": [Function],
  "queryByRole": [Function],
  "queryByTestId": [Function],
  "queryByText": [Function],
  "queryByTitle": [Function],
  "rerender": [Function],
  "unmount": [Function],
}
`;
